<?xml version="1.0" encoding="utf-8"?>
<TestRun id="3a961510-bd74-4b1c-8be4-0ed0a75efa6f" name="@runnervmeorf1 2026-05-09 08:34:23.5899978" xmlns="http://microsoft.com/schemas/VisualStudio/TeamTest/2010">
  <Times creation="2026-05-09T08:34:23.2529083Z" queuing="2026-05-09T08:34:23.2529083Z" start="2026-05-09T08:34:23.2529083Z" finish="2026-05-09T08:34:23.5905799Z" />
  <TestSettings name="default" id="8ca8a2df-5464-4fd6-a811-2d1e542fc23b">
    <Deployment runDeploymentRoot="_runnervmeorf1_2026-05-09_08_34_23.5899978" />
  </TestSettings>
  <Results>
    <UnitTestResult executionId="bab67f22-add0-42de-a61e-811f864770cd" testId="89e8bb43-76ab-7a0a-8009-de64e83eca39" testName="Project_SemanticObjects_ProducesNodes" computerName="runnervmeorf1" duration="00:00:00.0202792" startTime="2026-05-09T08:34:23.4704185+00:00" endTime="2026-05-09T08:34:23.4906977+00:00" testType="13CDC9D9-DDB5-4fa4-A97D-D965CCFC6D4B" outcome="Passed" testListId="8C84FA94-04C1-424b-9868-57A2D4851A1D" relativeResultsDirectory="bab67f22-add0-42de-a61e-811f864770cd" />
    <UnitTestResult executionId="a8e385fc-e801-4fa7-888d-d27fa8627a52" testId="7114cc40-92fc-e583-01f6-48c3231442c7" testName="Project_NonAnnotatedObject_IsIgnored" computerName="runnervmeorf1" duration="00:00:00.0141598" startTime="2026-05-09T08:34:23.4704341+00:00" endTime="2026-05-09T08:34:23.4845939+00:00" testType="13CDC9D9-DDB5-4fa4-A97D-D965CCFC6D4B" outcome="Passed" testListId="8C84FA94-04C1-424b-9868-57A2D4851A1D" relativeResultsDirectory="a8e385fc-e801-4fa7-888d-d27fa8627a52" />
    <UnitTestResult executionId="a9aa7c63-918c-460b-b2ad-66cb779f5edc" testId="118497db-f612-c85e-af72-c9e7442e72fc" testName="Project_SemanticEdge_ProducesEdge" computerName="runnervmeorf1" duration="00:00:00.0142006" startTime="2026-05-09T08:34:23.4704494+00:00" endTime="2026-05-09T08:34:23.4846500+00:00" testType="13CDC9D9-DDB5-4fa4-A97D-D965CCFC6D4B" outcome="Passed" testListId="8C84FA94-04C1-424b-9868-57A2D4851A1D" relativeResultsDirectory="a9aa7c63-918c-460b-b2ad-66cb779f5edc" />
    <UnitTestResult executionId="a8199f94-d628-484f-8092-41cbca5ff8e1" testId="14385c69-b9c4-4eb5-d1bc-796f9bdb7891" testName="Project_NodeLabel_UsesAttributeLabel" computerName="runnervmeorf1" duration="00:00:00.0141619" startTime="2026-05-09T08:34:23.4704253+00:00" endTime="2026-05-09T08:34:23.4845872+00:00" testType="13CDC9D9-DDB5-4fa4-A97D-D965CCFC6D4B" outcome="Passed" testListId="8C84FA94-04C1-424b-9868-57A2D4851A1D" relativeResultsDirectory="a8199f94-d628-484f-8092-41cbca5ff8e1" />
  </Results>
  <TestDefinitions>
    <UnitTest name="Project_SemanticObjects_ProducesNodes" storage="/home/runner/work/blazorflowgraph/blazorflowgraph/tests/dotnet/diagram.projection.tests/bin/release/net10.0/diagram.projection.tests.dll" id="89e8bb43-76ab-7a0a-8009-de64e83eca39">
      <Execution id="bab67f22-add0-42de-a61e-811f864770cd" />
      <TestMethod codeBase="/home/runner/work/BlazorFlowGraph/BlazorFlowGraph/tests/DotNet/Diagram.Projection.Tests/bin/Release/net10.0/Diagram.Projection.Tests.dll" adapterTypeName="executor://TUnitExtension/1.43.41.0" className="Diagram.Projection.Tests.ReflectionGraphProjectorTests" name="Project_SemanticObjects_ProducesNodes" />
    </UnitTest>
    <UnitTest name="Project_NonAnnotatedObject_IsIgnored" storage="/home/runner/work/blazorflowgraph/blazorflowgraph/tests/dotnet/diagram.projection.tests/bin/release/net10.0/diagram.projection.tests.dll" id="7114cc40-92fc-e583-01f6-48c3231442c7">
      <Execution id="a8e385fc-e801-4fa7-888d-d27fa8627a52" />
      <TestMethod codeBase="/home/runner/work/BlazorFlowGraph/BlazorFlowGraph/tests/DotNet/Diagram.Projection.Tests/bin/Release/net10.0/Diagram.Projection.Tests.dll" adapterTypeName="executor://TUnitExtension/1.43.41.0" className="Diagram.Projection.Tests.ReflectionGraphProjectorTests" name="Project_NonAnnotatedObject_IsIgnored" />
    </UnitTest>
    <UnitTest name="Project_SemanticEdge_ProducesEdge" storage="/home/runner/work/blazorflowgraph/blazorflowgraph/tests/dotnet/diagram.projection.tests/bin/release/net10.0/diagram.projection.tests.dll" id="118497db-f612-c85e-af72-c9e7442e72fc">
      <Execution id="a9aa7c63-918c-460b-b2ad-66cb779f5edc" />
      <TestMethod codeBase="/home/runner/work/BlazorFlowGraph/BlazorFlowGraph/tests/DotNet/Diagram.Projection.Tests/bin/Release/net10.0/Diagram.Projection.Tests.dll" adapterTypeName="executor://TUnitExtension/1.43.41.0" className="Diagram.Projection.Tests.ReflectionGraphProjectorTests" name="Project_SemanticEdge_ProducesEdge" />
    </UnitTest>
    <UnitTest name="Project_NodeLabel_UsesAttributeLabel" storage="/home/runner/work/blazorflowgraph/blazorflowgraph/tests/dotnet/diagram.projection.tests/bin/release/net10.0/diagram.projection.tests.dll" id="14385c69-b9c4-4eb5-d1bc-796f9bdb7891">
      <Execution id="a8199f94-d628-484f-8092-41cbca5ff8e1" />
      <TestMethod codeBase="/home/runner/work/BlazorFlowGraph/BlazorFlowGraph/tests/DotNet/Diagram.Projection.Tests/bin/Release/net10.0/Diagram.Projection.Tests.dll" adapterTypeName="executor://TUnitExtension/1.43.41.0" className="Diagram.Projection.Tests.ReflectionGraphProjectorTests" name="Project_NodeLabel_UsesAttributeLabel" />
    </UnitTest>
  </TestDefinitions>
  <TestEntries>
    <TestEntry testId="89e8bb43-76ab-7a0a-8009-de64e83eca39" executionId="bab67f22-add0-42de-a61e-811f864770cd" testListId="8C84FA94-04C1-424b-9868-57A2D4851A1D" />
    <TestEntry testId="7114cc40-92fc-e583-01f6-48c3231442c7" executionId="a8e385fc-e801-4fa7-888d-d27fa8627a52" testListId="8C84FA94-04C1-424b-9868-57A2D4851A1D" />
    <TestEntry testId="118497db-f612-c85e-af72-c9e7442e72fc" executionId="a9aa7c63-918c-460b-b2ad-66cb779f5edc" testListId="8C84FA94-04C1-424b-9868-57A2D4851A1D" />
    <TestEntry testId="14385c69-b9c4-4eb5-d1bc-796f9bdb7891" executionId="a8199f94-d628-484f-8092-41cbca5ff8e1" testListId="8C84FA94-04C1-424b-9868-57A2D4851A1D" />
  </TestEntries>
  <TestLists>
    <TestList name="Results Not in a List" id="8C84FA94-04C1-424b-9868-57A2D4851A1D" />
    <TestList name="All Loaded Results" id="19431567-8539-422a-85d7-44ee4e166bda" />
  </TestLists>
  <ResultSummary outcome="Completed">
    <Counters total="4" executed="4" passed="4" failed="0" error="0" timeout="0" aborted="0" inconclusive="0" passedButRunAborted="0" notRunnable="0" notExecuted="0" disconnected="0" warning="0" completed="0" inProgress="0" pending="0" />
    <CollectorDataEntries>
      <Collector agentName="runnervmeorf1" uri="datacollector://TUnitExtensionHtmlReporter/1.43.41.0" collectorDisplayName="TUnit">
        <UriAttachments>
          <UriAttachment>
            <A href="runnervmeorf1/Diagram.Projection.Tests-linux-net10.0-report.html" />
          </UriAttachment>
        </UriAttachments>
      </Collector>
    </CollectorDataEntries>
  </ResultSummary>
</TestRun>