<?xml version="1.0" encoding="utf-8"?>
<TestRun id="b5b2c04a-9387-4a1f-b9d0-617ba2d243c2" name="@runnervmeorf1 2026-05-09 08:34:20.7711526" xmlns="http://microsoft.com/schemas/VisualStudio/TeamTest/2010">
  <Times creation="2026-05-09T08:34:20.4518453Z" queuing="2026-05-09T08:34:20.4518453Z" start="2026-05-09T08:34:20.4518453Z" finish="2026-05-09T08:34:20.7717156Z" />
  <TestSettings name="default" id="9ea76c9a-59e7-467c-bcee-7bb6862c85df">
    <Deployment runDeploymentRoot="_runnervmeorf1_2026-05-09_08_34_20.7711526" />
  </TestSettings>
  <Results>
    <UnitTestResult executionId="9f1ca72c-6217-4711-b9c9-6d7a8c177eac" testId="44c7442c-d84e-a3ff-c6c2-fc355faf662a" testName="GraphSnapshot_HoldsNodesAndEdges" computerName="runnervmeorf1" duration="00:00:00.0171553" startTime="2026-05-09T08:34:20.6609806+00:00" endTime="2026-05-09T08:34:20.6781359+00:00" testType="13CDC9D9-DDB5-4fa4-A97D-D965CCFC6D4B" outcome="Passed" testListId="8C84FA94-04C1-424b-9868-57A2D4851A1D" relativeResultsDirectory="9f1ca72c-6217-4711-b9c9-6d7a8c177eac" />
    <UnitTestResult executionId="592651c1-68a4-46a4-92cc-8f96546d9769" testId="0c9d9ecc-bf1e-7d6d-70ad-62367973ce32" testName="GraphNode_Equality_BasedOnValues" computerName="runnervmeorf1" duration="00:00:00.0113704" startTime="2026-05-09T08:34:20.6609720+00:00" endTime="2026-05-09T08:34:20.6723424+00:00" testType="13CDC9D9-DDB5-4fa4-A97D-D965CCFC6D4B" outcome="Passed" testListId="8C84FA94-04C1-424b-9868-57A2D4851A1D" relativeResultsDirectory="592651c1-68a4-46a4-92cc-8f96546d9769" />
    <UnitTestResult executionId="b0d7a028-125f-40e0-9b21-ff257f1427c1" testId="4d476d85-4ae1-2a9a-31a3-5bbe2f95e387" testName="NodeId_ToString_ReturnsValue" computerName="runnervmeorf1" duration="00:00:00.0113665" startTime="2026-05-09T08:34:20.6609853+00:00" endTime="2026-05-09T08:34:20.6723518+00:00" testType="13CDC9D9-DDB5-4fa4-A97D-D965CCFC6D4B" outcome="Passed" testListId="8C84FA94-04C1-424b-9868-57A2D4851A1D" relativeResultsDirectory="b0d7a028-125f-40e0-9b21-ff257f1427c1" />
  </Results>
  <TestDefinitions>
    <UnitTest name="GraphSnapshot_HoldsNodesAndEdges" storage="/home/runner/work/blazorflowgraph/blazorflowgraph/tests/dotnet/diagram.protocol.tests/bin/release/net10.0/diagram.protocol.tests.dll" id="44c7442c-d84e-a3ff-c6c2-fc355faf662a">
      <Execution id="9f1ca72c-6217-4711-b9c9-6d7a8c177eac" />
      <TestMethod codeBase="/home/runner/work/BlazorFlowGraph/BlazorFlowGraph/tests/DotNet/Diagram.Protocol.Tests/bin/Release/net10.0/Diagram.Protocol.Tests.dll" adapterTypeName="executor://TUnitExtension/1.43.41.0" className="Diagram.Protocol.Tests.GraphContractsTests" name="GraphSnapshot_HoldsNodesAndEdges" />
    </UnitTest>
    <UnitTest name="GraphNode_Equality_BasedOnValues" storage="/home/runner/work/blazorflowgraph/blazorflowgraph/tests/dotnet/diagram.protocol.tests/bin/release/net10.0/diagram.protocol.tests.dll" id="0c9d9ecc-bf1e-7d6d-70ad-62367973ce32">
      <Execution id="592651c1-68a4-46a4-92cc-8f96546d9769" />
      <TestMethod codeBase="/home/runner/work/BlazorFlowGraph/BlazorFlowGraph/tests/DotNet/Diagram.Protocol.Tests/bin/Release/net10.0/Diagram.Protocol.Tests.dll" adapterTypeName="executor://TUnitExtension/1.43.41.0" className="Diagram.Protocol.Tests.GraphContractsTests" name="GraphNode_Equality_BasedOnValues" />
    </UnitTest>
    <UnitTest name="NodeId_ToString_ReturnsValue" storage="/home/runner/work/blazorflowgraph/blazorflowgraph/tests/dotnet/diagram.protocol.tests/bin/release/net10.0/diagram.protocol.tests.dll" id="4d476d85-4ae1-2a9a-31a3-5bbe2f95e387">
      <Execution id="b0d7a028-125f-40e0-9b21-ff257f1427c1" />
      <TestMethod codeBase="/home/runner/work/BlazorFlowGraph/BlazorFlowGraph/tests/DotNet/Diagram.Protocol.Tests/bin/Release/net10.0/Diagram.Protocol.Tests.dll" adapterTypeName="executor://TUnitExtension/1.43.41.0" className="Diagram.Protocol.Tests.GraphContractsTests" name="NodeId_ToString_ReturnsValue" />
    </UnitTest>
  </TestDefinitions>
  <TestEntries>
    <TestEntry testId="44c7442c-d84e-a3ff-c6c2-fc355faf662a" executionId="9f1ca72c-6217-4711-b9c9-6d7a8c177eac" testListId="8C84FA94-04C1-424b-9868-57A2D4851A1D" />
    <TestEntry testId="0c9d9ecc-bf1e-7d6d-70ad-62367973ce32" executionId="592651c1-68a4-46a4-92cc-8f96546d9769" testListId="8C84FA94-04C1-424b-9868-57A2D4851A1D" />
    <TestEntry testId="4d476d85-4ae1-2a9a-31a3-5bbe2f95e387" executionId="b0d7a028-125f-40e0-9b21-ff257f1427c1" testListId="8C84FA94-04C1-424b-9868-57A2D4851A1D" />
  </TestEntries>
  <TestLists>
    <TestList name="Results Not in a List" id="8C84FA94-04C1-424b-9868-57A2D4851A1D" />
    <TestList name="All Loaded Results" id="19431567-8539-422a-85d7-44ee4e166bda" />
  </TestLists>
  <ResultSummary outcome="Completed">
    <Counters total="3" executed="3" passed="3" failed="0" error="0" timeout="0" aborted="0" inconclusive="0" passedButRunAborted="0" notRunnable="0" notExecuted="0" disconnected="0" warning="0" completed="0" inProgress="0" pending="0" />
    <CollectorDataEntries>
      <Collector agentName="runnervmeorf1" uri="datacollector://TUnitExtensionHtmlReporter/1.43.41.0" collectorDisplayName="TUnit">
        <UriAttachments>
          <UriAttachment>
            <A href="runnervmeorf1/Diagram.Protocol.Tests-linux-net10.0-report.html" />
          </UriAttachment>
        </UriAttachments>
      </Collector>
    </CollectorDataEntries>
  </ResultSummary>
</TestRun>