<?xml version="1.0" encoding="utf-8"?>
<TestRun id="fc3d6575-a5fd-48a3-ad3e-c3f4c9e61712" name="@runnervmeorf1 2026-05-09 08:34:24.9960693" xmlns="http://microsoft.com/schemas/VisualStudio/TeamTest/2010">
  <Times creation="2026-05-09T08:34:24.6687997Z" queuing="2026-05-09T08:34:24.6687997Z" start="2026-05-09T08:34:24.6687997Z" finish="2026-05-09T08:34:24.9966201Z" />
  <TestSettings name="default" id="05842a09-32e9-4556-87cc-4d4099624e0a">
    <Deployment runDeploymentRoot="_runnervmeorf1_2026-05-09_08_34_24.9960693" />
  </TestSettings>
  <Results>
    <UnitTestResult executionId="19b3f85d-91c2-4407-8cc2-1ee251f195e0" testId="bf61f64b-896b-6932-4f46-218c78045994" testName="SemanticNodeAttribute_DefaultKind_IsDefault" computerName="runnervmeorf1" duration="00:00:00.0125729" startTime="2026-05-09T08:34:24.8806733+00:00" endTime="2026-05-09T08:34:24.8932462+00:00" testType="13CDC9D9-DDB5-4fa4-A97D-D965CCFC6D4B" outcome="Passed" testListId="8C84FA94-04C1-424b-9868-57A2D4851A1D" relativeResultsDirectory="19b3f85d-91c2-4407-8cc2-1ee251f195e0" />
    <UnitTestResult executionId="fbbef701-6583-48c6-b723-fe248541b6a0" testId="5d567440-98d0-12c6-b389-d8e1767df5f9" testName="SemanticEdgeAttribute_CanBeCreated" computerName="runnervmeorf1" duration="00:00:00.0126129" startTime="2026-05-09T08:34:24.8806219+00:00" endTime="2026-05-09T08:34:24.8932348+00:00" testType="13CDC9D9-DDB5-4fa4-A97D-D965CCFC6D4B" outcome="Passed" testListId="8C84FA94-04C1-424b-9868-57A2D4851A1D" relativeResultsDirectory="fbbef701-6583-48c6-b723-fe248541b6a0" />
    <UnitTestResult executionId="25fe8b73-3e23-4479-95fd-4ab750f99553" testId="9d2581ea-c889-d0f9-10aa-f1a7b3fd590c" testName="SemanticNodeAttribute_Kind_IsPreserved" computerName="runnervmeorf1" duration="00:00:00.0125803" startTime="2026-05-09T08:34:24.8806423+00:00" endTime="2026-05-09T08:34:24.8932226+00:00" testType="13CDC9D9-DDB5-4fa4-A97D-D965CCFC6D4B" outcome="Passed" testListId="8C84FA94-04C1-424b-9868-57A2D4851A1D" relativeResultsDirectory="25fe8b73-3e23-4479-95fd-4ab750f99553" />
    <UnitTestResult executionId="ddb5d9b7-d3c1-4d1c-9e5a-28daa21768c8" testId="d238de81-8d6c-64cf-01eb-e1ff8494365c" testName="SemanticNodeAttribute_CanBeApplied" computerName="runnervmeorf1" duration="00:00:00.0126339" startTime="2026-05-09T08:34:24.8806175+00:00" endTime="2026-05-09T08:34:24.8932514+00:00" testType="13CDC9D9-DDB5-4fa4-A97D-D965CCFC6D4B" outcome="Passed" testListId="8C84FA94-04C1-424b-9868-57A2D4851A1D" relativeResultsDirectory="ddb5d9b7-d3c1-4d1c-9e5a-28daa21768c8" />
  </Results>
  <TestDefinitions>
    <UnitTest name="SemanticNodeAttribute_DefaultKind_IsDefault" storage="/home/runner/work/blazorflowgraph/blazorflowgraph/tests/dotnet/diagram.semantics.tests/bin/release/net10.0/diagram.semantics.tests.dll" id="bf61f64b-896b-6932-4f46-218c78045994">
      <Execution id="19b3f85d-91c2-4407-8cc2-1ee251f195e0" />
      <TestMethod codeBase="/home/runner/work/BlazorFlowGraph/BlazorFlowGraph/tests/DotNet/Diagram.Semantics.Tests/bin/Release/net10.0/Diagram.Semantics.Tests.dll" adapterTypeName="executor://TUnitExtension/1.43.41.0" className="Diagram.Semantics.Tests.SemanticAttributesTests" name="SemanticNodeAttribute_DefaultKind_IsDefault" />
    </UnitTest>
    <UnitTest name="SemanticEdgeAttribute_CanBeCreated" storage="/home/runner/work/blazorflowgraph/blazorflowgraph/tests/dotnet/diagram.semantics.tests/bin/release/net10.0/diagram.semantics.tests.dll" id="5d567440-98d0-12c6-b389-d8e1767df5f9">
      <Execution id="fbbef701-6583-48c6-b723-fe248541b6a0" />
      <TestMethod codeBase="/home/runner/work/BlazorFlowGraph/BlazorFlowGraph/tests/DotNet/Diagram.Semantics.Tests/bin/Release/net10.0/Diagram.Semantics.Tests.dll" adapterTypeName="executor://TUnitExtension/1.43.41.0" className="Diagram.Semantics.Tests.SemanticAttributesTests" name="SemanticEdgeAttribute_CanBeCreated" />
    </UnitTest>
    <UnitTest name="SemanticNodeAttribute_Kind_IsPreserved" storage="/home/runner/work/blazorflowgraph/blazorflowgraph/tests/dotnet/diagram.semantics.tests/bin/release/net10.0/diagram.semantics.tests.dll" id="9d2581ea-c889-d0f9-10aa-f1a7b3fd590c">
      <Execution id="25fe8b73-3e23-4479-95fd-4ab750f99553" />
      <TestMethod codeBase="/home/runner/work/BlazorFlowGraph/BlazorFlowGraph/tests/DotNet/Diagram.Semantics.Tests/bin/Release/net10.0/Diagram.Semantics.Tests.dll" adapterTypeName="executor://TUnitExtension/1.43.41.0" className="Diagram.Semantics.Tests.SemanticAttributesTests" name="SemanticNodeAttribute_Kind_IsPreserved" />
    </UnitTest>
    <UnitTest name="SemanticNodeAttribute_CanBeApplied" storage="/home/runner/work/blazorflowgraph/blazorflowgraph/tests/dotnet/diagram.semantics.tests/bin/release/net10.0/diagram.semantics.tests.dll" id="d238de81-8d6c-64cf-01eb-e1ff8494365c">
      <Execution id="ddb5d9b7-d3c1-4d1c-9e5a-28daa21768c8" />
      <TestMethod codeBase="/home/runner/work/BlazorFlowGraph/BlazorFlowGraph/tests/DotNet/Diagram.Semantics.Tests/bin/Release/net10.0/Diagram.Semantics.Tests.dll" adapterTypeName="executor://TUnitExtension/1.43.41.0" className="Diagram.Semantics.Tests.SemanticAttributesTests" name="SemanticNodeAttribute_CanBeApplied" />
    </UnitTest>
  </TestDefinitions>
  <TestEntries>
    <TestEntry testId="bf61f64b-896b-6932-4f46-218c78045994" executionId="19b3f85d-91c2-4407-8cc2-1ee251f195e0" testListId="8C84FA94-04C1-424b-9868-57A2D4851A1D" />
    <TestEntry testId="5d567440-98d0-12c6-b389-d8e1767df5f9" executionId="fbbef701-6583-48c6-b723-fe248541b6a0" testListId="8C84FA94-04C1-424b-9868-57A2D4851A1D" />
    <TestEntry testId="9d2581ea-c889-d0f9-10aa-f1a7b3fd590c" executionId="25fe8b73-3e23-4479-95fd-4ab750f99553" testListId="8C84FA94-04C1-424b-9868-57A2D4851A1D" />
    <TestEntry testId="d238de81-8d6c-64cf-01eb-e1ff8494365c" executionId="ddb5d9b7-d3c1-4d1c-9e5a-28daa21768c8" testListId="8C84FA94-04C1-424b-9868-57A2D4851A1D" />
  </TestEntries>
  <TestLists>
    <TestList name="Results Not in a List" id="8C84FA94-04C1-424b-9868-57A2D4851A1D" />
    <TestList name="All Loaded Results" id="19431567-8539-422a-85d7-44ee4e166bda" />
  </TestLists>
  <ResultSummary outcome="Completed">
    <Counters total="4" executed="4" passed="4" failed="0" error="0" timeout="0" aborted="0" inconclusive="0" passedButRunAborted="0" notRunnable="0" notExecuted="0" disconnected="0" warning="0" completed="0" inProgress="0" pending="0" />
    <CollectorDataEntries>
      <Collector agentName="runnervmeorf1" uri="datacollector://TUnitExtensionHtmlReporter/1.43.41.0" collectorDisplayName="TUnit">
        <UriAttachments>
          <UriAttachment>
            <A href="runnervmeorf1/Diagram.Semantics.Tests-linux-net10.0-report.html" />
          </UriAttachment>
        </UriAttachments>
      </Collector>
    </CollectorDataEntries>
  </ResultSummary>
</TestRun>